06/30/14 09:38:31 Setting maximum accepts per cycle 8.
06/30/14 09:38:31 Setting maximum file descriptors to 20000.
06/30/14 09:38:31 ******************************************************
06/30/14 09:38:31 ** condor_scheduniv_exec.1308601.0 (CONDOR_DAGMAN) STARTING UP
06/30/14 09:38:31 ** /nas02/apps/condor-7.8.7/bin/condor_dagman
06/30/14 09:38:31 ** SubsystemInfo: name=DAGMAN type=DAGMAN(10) class=DAEMON(1)
06/30/14 09:38:31 ** Configuration: subsystem:DAGMAN local:<NONE> class:DAEMON
06/30/14 09:38:31 ** $CondorVersion: 7.8.7 Dec 12 2012 BuildID: 86173 $
06/30/14 09:38:31 ** $CondorPlatform: x86_64_rhap_5.8 $
06/30/14 09:38:31 ** PID = 11562
06/30/14 09:38:31 ** Log last touched time unavailable (No such file or directory)
06/30/14 09:38:31 ******************************************************
06/30/14 09:38:31 Using config source: /nas02/apps/condor-7.8.7/etc/condor_config
06/30/14 09:38:31 Using local config sources: 
06/30/14 09:38:31    /nas02/apps/condor-7.8.7/config/biodev2/condor_config.biodev2
06/30/14 09:38:31    /nas02/apps/condor-7.8.7/config/biodev2/condor_config.biodev2
06/30/14 09:38:31 DaemonCore: command socket at <152.19.197.180:40800>
06/30/14 09:38:31 DaemonCore: private command socket at <152.19.197.180:40800>
06/30/14 09:38:31 Setting maximum accepts per cycle 8.
06/30/14 09:38:31 DAGMAN_USE_STRICT setting: 0
06/30/14 09:38:31 DAGMAN_VERBOSITY setting: 3
06/30/14 09:38:31 DAGMAN_DEBUG_CACHE_SIZE setting: 5242880
06/30/14 09:38:31 DAGMAN_DEBUG_CACHE_ENABLE setting: False
06/30/14 09:38:31 DAGMAN_SUBMIT_DELAY setting: 0
06/30/14 09:38:31 DAGMAN_MAX_SUBMIT_ATTEMPTS setting: 6
06/30/14 09:38:31 DAGMAN_STARTUP_CYCLE_DETECT setting: False
06/30/14 09:38:31 DAGMAN_MAX_SUBMITS_PER_INTERVAL setting: 5
06/30/14 09:38:31 DAGMAN_USER_LOG_SCAN_INTERVAL setting: 5
06/30/14 09:38:31 allow_events (DAGMAN_IGNORE_DUPLICATE_JOB_EXECUTION, DAGMAN_ALLOW_EVENTS) setting: 114
06/30/14 09:38:31 DAGMAN_RETRY_SUBMIT_FIRST setting: True
06/30/14 09:38:31 DAGMAN_RETRY_NODE_FIRST setting: False
06/30/14 09:38:31 DAGMAN_MAX_JOBS_IDLE setting: 0
06/30/14 09:38:31 DAGMAN_MAX_JOBS_SUBMITTED setting: 0
06/30/14 09:38:31 DAGMAN_MAX_PRE_SCRIPTS setting: 0
06/30/14 09:38:31 DAGMAN_MAX_POST_SCRIPTS setting: 0
06/30/14 09:38:31 DAGMAN_ALLOW_LOG_ERROR setting: False
06/30/14 09:38:31 DAGMAN_MUNGE_NODE_NAMES setting: True
06/30/14 09:38:31 DAGMAN_PROHIBIT_MULTI_JOBS setting: False
06/30/14 09:38:31 DAGMAN_SUBMIT_DEPTH_FIRST setting: False
06/30/14 09:38:31 DAGMAN_ALWAYS_RUN_POST setting: True
06/30/14 09:38:31 DAGMAN_ABORT_DUPLICATES setting: True
06/30/14 09:38:31 DAGMAN_ABORT_ON_SCARY_SUBMIT setting: True
06/30/14 09:38:31 DAGMAN_PENDING_REPORT_INTERVAL setting: 600
06/30/14 09:38:31 DAGMAN_AUTO_RESCUE setting: True
06/30/14 09:38:31 DAGMAN_MAX_RESCUE_NUM setting: 100
06/30/14 09:38:31 DAGMAN_WRITE_PARTIAL_RESCUE setting: True
06/30/14 09:38:31 DAGMAN_DEFAULT_NODE_LOG setting: null
06/30/14 09:38:31 DAGMAN_GENERATE_SUBDAG_SUBMITS setting: True
06/30/14 09:38:31 ALL_DEBUG setting: 
06/30/14 09:38:31 DAGMAN_DEBUG setting: 
06/30/14 09:38:31 argv[0] == "condor_scheduniv_exec.1308601.0"
06/30/14 09:38:31 argv[1] == "-Lockfile"
06/30/14 09:38:31 argv[2] == "CASAVA.dag.lock"
06/30/14 09:38:31 argv[3] == "-AutoRescue"
06/30/14 09:38:31 argv[4] == "1"
06/30/14 09:38:31 argv[5] == "-DoRescueFrom"
06/30/14 09:38:31 argv[6] == "0"
06/30/14 09:38:31 argv[7] == "-Dag"
06/30/14 09:38:31 argv[8] == "CASAVA.dag"
06/30/14 09:38:31 argv[9] == "-CsdVersion"
06/30/14 09:38:31 argv[10] == "$CondorVersion: 7.8.7 Dec 12 2012 BuildID: 86173 $"
06/30/14 09:38:31 argv[11] == "-Force"
06/30/14 09:38:31 argv[12] == "-Dagman"
06/30/14 09:38:31 argv[13] == "/nas02/apps/condor-7.8.7/bin/condor_dagman"
06/30/14 09:38:31 Default node log file is: </nas02/home/r/c/rc_renci.svc/.mapseq/submit/2014-06-30/CASAVA/f87b81fb-1a58-400a-a4cd-c5371a6c8d70/CASAVA.dag.nodes.log>
06/30/14 09:38:31 DAG Lockfile will be written to CASAVA.dag.lock
06/30/14 09:38:31 DAG Input file is CASAVA.dag
06/30/14 09:38:31 Parsing 1 dagfiles
06/30/14 09:38:31 Parsing CASAVA.dag ...
06/30/14 09:38:31 Dag contains 11 total jobs
06/30/14 09:38:31 Sleeping for 12 seconds to ensure ProcessId uniqueness
06/30/14 09:38:43 Bootstrapping...
06/30/14 09:38:43 Number of pre-completed nodes: 0
06/30/14 09:38:43 Registering condor_event_timer...
06/30/14 09:38:44 Sleeping for one second for log file consistency
06/30/14 09:38:45 MultiLogFiles: truncating log file /nas02/home/r/c/rc_renci.svc/mapseq/submit/2014-06-30/CASAVA/f87b81fb-1a58-400a-a4cd-c5371a6c8d70/RemoveCLI_2.log
06/30/14 09:38:45 Submitting Condor Node RemoveCLI_2 job(s)...
06/30/14 09:38:45 submitting: condor_submit -a dag_node_name' '=' 'RemoveCLI_2 -a +DAGManJobId' '=' '1308601 -a DAGManJobId' '=' '1308601 -a submit_event_notes' '=' 'DAG' 'Node:' 'RemoveCLI_2 -a DAG_STATUS' '=' '0 -a FAILED_COUNT' '=' '0 -a +DAGParentNodeNames' '=' '"" -a +KeepClaimIdle' '=' '20 RemoveCLI_2.sub
06/30/14 09:38:45 From submit: Submitting job(s).
06/30/14 09:38:45 From submit: 1 job(s) submitted to cluster 1308631.
06/30/14 09:38:46 	assigned Condor ID (1308631.0.0)
06/30/14 09:38:46 Just submitted 1 job this cycle...
06/30/14 09:38:46 Currently monitoring 1 Condor log file(s)
06/30/14 09:38:46 Event: ULOG_SUBMIT for Condor Node RemoveCLI_2 (1308631.0.0)
06/30/14 09:38:46 Number of idle job procs: 1
06/30/14 09:38:46 Of 11 nodes total:
06/30/14 09:38:46  Done     Pre   Queued    Post   Ready   Un-Ready   Failed
06/30/14 09:38:46   ===     ===      ===     ===     ===        ===      ===
06/30/14 09:38:46     0       0        1       0       0         10        0
06/30/14 09:38:46 0 job proc(s) currently held
06/30/14 09:46:26 Currently monitoring 1 Condor log file(s)
06/30/14 09:46:26 Event: ULOG_EXECUTE for Condor Node RemoveCLI_2 (1308631.0.0)
06/30/14 09:46:26 Number of idle job procs: 0
06/30/14 09:46:36 Currently monitoring 1 Condor log file(s)
06/30/14 09:46:36 Event: ULOG_IMAGE_SIZE for Condor Node RemoveCLI_2 (1308631.0.0)
06/30/14 09:46:56 Currently monitoring 1 Condor log file(s)
06/30/14 09:46:56 Event: ULOG_IMAGE_SIZE for Condor Node RemoveCLI_2 (1308631.0.0)
06/30/14 09:46:56 Event: ULOG_JOB_TERMINATED for Condor Node RemoveCLI_2 (1308631.0.0)
06/30/14 09:46:56 Node RemoveCLI_2 job proc (1308631.0.0) completed successfully.
06/30/14 09:46:56 Node RemoveCLI_2 job completed
06/30/14 09:46:56 Number of idle job procs: 0
06/30/14 09:46:56 Of 11 nodes total:
06/30/14 09:46:56  Done     Pre   Queued    Post   Ready   Un-Ready   Failed
06/30/14 09:46:56   ===     ===      ===     ===     ===        ===      ===
06/30/14 09:46:56     1       0        0       0       1          9        0
06/30/14 09:46:56 0 job proc(s) currently held
06/30/14 09:47:01 Sleeping for one second for log file consistency
06/30/14 09:47:02 MultiLogFiles: truncating log file /nas02/home/r/c/rc_renci.svc/mapseq/submit/2014-06-30/CASAVA/f87b81fb-1a58-400a-a4cd-c5371a6c8d70/ConfigureBCLToFastqCLI_1.log
06/30/14 09:47:02 Submitting Condor Node ConfigureBCLToFastqCLI_1 job(s)...
06/30/14 09:47:02 submitting: condor_submit -a dag_node_name' '=' 'ConfigureBCLToFastqCLI_1 -a +DAGManJobId' '=' '1308601 -a DAGManJobId' '=' '1308601 -a submit_event_notes' '=' 'DAG' 'Node:' 'ConfigureBCLToFastqCLI_1 -a DAG_STATUS' '=' '0 -a FAILED_COUNT' '=' '0 -a +DAGParentNodeNames' '=' '"RemoveCLI_2" -a +KeepClaimIdle' '=' '20 ConfigureBCLToFastqCLI_1.sub
06/30/14 09:47:02 From submit: Submitting job(s).
06/30/14 09:47:02 From submit: 1 job(s) submitted to cluster 1308792.
06/30/14 09:47:02 	assigned Condor ID (1308792.0.0)
06/30/14 09:47:02 Just submitted 1 job this cycle...
06/30/14 09:47:02 Currently monitoring 1 Condor log file(s)
06/30/14 09:47:02 Event: ULOG_SUBMIT for Condor Node ConfigureBCLToFastqCLI_1 (1308792.0.0)
06/30/14 09:47:02 Number of idle job procs: 1
06/30/14 09:47:02 Of 11 nodes total:
06/30/14 09:47:02  Done     Pre   Queued    Post   Ready   Un-Ready   Failed
06/30/14 09:47:02   ===     ===      ===     ===     ===        ===      ===
06/30/14 09:47:02     1       0        1       0       0          9        0
06/30/14 09:47:02 0 job proc(s) currently held
06/30/14 09:57:02 600 seconds since last log event
06/30/14 09:57:02 Pending DAG nodes:
06/30/14 09:57:02   Node ConfigureBCLToFastqCLI_1, Condor ID 1308792, status STATUS_SUBMITTED
06/30/14 10:07:02 1200 seconds since last log event
06/30/14 10:07:02 Pending DAG nodes:
06/30/14 10:07:02   Node ConfigureBCLToFastqCLI_1, Condor ID 1308792, status STATUS_SUBMITTED
06/30/14 10:17:02 1800 seconds since last log event
06/30/14 10:17:02 Pending DAG nodes:
06/30/14 10:17:02   Node ConfigureBCLToFastqCLI_1, Condor ID 1308792, status STATUS_SUBMITTED
06/30/14 10:27:02 2400 seconds since last log event
06/30/14 10:27:02 Pending DAG nodes:
06/30/14 10:27:02   Node ConfigureBCLToFastqCLI_1, Condor ID 1308792, status STATUS_SUBMITTED
06/30/14 10:37:02 3000 seconds since last log event
06/30/14 10:37:02 Pending DAG nodes:
06/30/14 10:37:02   Node ConfigureBCLToFastqCLI_1, Condor ID 1308792, status STATUS_SUBMITTED
06/30/14 10:47:02 3600 seconds since last log event
06/30/14 10:47:02 Pending DAG nodes:
06/30/14 10:47:02   Node ConfigureBCLToFastqCLI_1, Condor ID 1308792, status STATUS_SUBMITTED
06/30/14 10:57:03 4201 seconds since last log event
06/30/14 10:57:03 Pending DAG nodes:
06/30/14 10:57:03   Node ConfigureBCLToFastqCLI_1, Condor ID 1308792, status STATUS_SUBMITTED
06/30/14 11:07:03 4801 seconds since last log event
06/30/14 11:07:03 Pending DAG nodes:
06/30/14 11:07:03   Node ConfigureBCLToFastqCLI_1, Condor ID 1308792, status STATUS_SUBMITTED
06/30/14 11:17:03 5401 seconds since last log event
06/30/14 11:17:03 Pending DAG nodes:
06/30/14 11:17:03   Node ConfigureBCLToFastqCLI_1, Condor ID 1308792, status STATUS_SUBMITTED
06/30/14 11:26:28 Currently monitoring 1 Condor log file(s)
06/30/14 11:26:28 Event: ULOG_EXECUTE for Condor Node ConfigureBCLToFastqCLI_1 (1308792.0.0)
06/30/14 11:26:28 Number of idle job procs: 0
06/30/14 11:26:38 Currently monitoring 1 Condor log file(s)
06/30/14 11:26:38 Event: ULOG_IMAGE_SIZE for Condor Node ConfigureBCLToFastqCLI_1 (1308792.0.0)
06/30/14 11:31:43 Currently monitoring 1 Condor log file(s)
06/30/14 11:31:43 Event: ULOG_IMAGE_SIZE for Condor Node ConfigureBCLToFastqCLI_1 (1308792.0.0)
06/30/14 11:32:38 Currently monitoring 1 Condor log file(s)
06/30/14 11:32:38 Event: ULOG_JOB_TERMINATED for Condor Node ConfigureBCLToFastqCLI_1 (1308792.0.0)
06/30/14 11:32:38 Node ConfigureBCLToFastqCLI_1 job proc (1308792.0.0) completed successfully.
06/30/14 11:32:38 Node ConfigureBCLToFastqCLI_1 job completed
06/30/14 11:32:38 Number of idle job procs: 0
06/30/14 11:32:38 Of 11 nodes total:
06/30/14 11:32:38  Done     Pre   Queued    Post   Ready   Un-Ready   Failed
06/30/14 11:32:38   ===     ===      ===     ===     ===        ===      ===
06/30/14 11:32:38     2       0        0       0       1          8        0
06/30/14 11:32:38 0 job proc(s) currently held
06/30/14 11:32:43 Sleeping for one second for log file consistency
06/30/14 11:32:44 MultiLogFiles: truncating log file /nas02/home/r/c/rc_renci.svc/mapseq/submit/2014-06-30/CASAVA/f87b81fb-1a58-400a-a4cd-c5371a6c8d70/MakeCLI_3.log
06/30/14 11:32:44 Submitting Condor Node MakeCLI_3 job(s)...
06/30/14 11:32:44 submitting: condor_submit -a dag_node_name' '=' 'MakeCLI_3 -a +DAGManJobId' '=' '1308601 -a DAGManJobId' '=' '1308601 -a submit_event_notes' '=' 'DAG' 'Node:' 'MakeCLI_3 -a DAG_STATUS' '=' '0 -a FAILED_COUNT' '=' '0 -a +DAGParentNodeNames' '=' '"ConfigureBCLToFastqCLI_1" -a +KeepClaimIdle' '=' '20 MakeCLI_3.sub
06/30/14 11:32:44 From submit: Submitting job(s).
06/30/14 11:32:44 From submit: 1 job(s) submitted to cluster 1309681.
06/30/14 11:32:44 	assigned Condor ID (1309681.0.0)
06/30/14 11:32:44 Just submitted 1 job this cycle...
06/30/14 11:32:44 Currently monitoring 1 Condor log file(s)
06/30/14 11:32:44 Event: ULOG_SUBMIT for Condor Node MakeCLI_3 (1309681.0.0)
06/30/14 11:32:44 Number of idle job procs: 1
06/30/14 11:32:44 Of 11 nodes total:
06/30/14 11:32:44  Done     Pre   Queued    Post   Ready   Un-Ready   Failed
06/30/14 11:32:44   ===     ===      ===     ===     ===        ===      ===
06/30/14 11:32:44     2       0        1       0       0          8        0
06/30/14 11:32:44 0 job proc(s) currently held
06/30/14 11:37:39 Currently monitoring 1 Condor log file(s)
06/30/14 11:37:39 Event: ULOG_EXECUTE for Condor Node MakeCLI_3 (1309681.0.0)
06/30/14 11:37:39 Number of idle job procs: 0
06/30/14 11:37:49 Currently monitoring 1 Condor log file(s)
06/30/14 11:37:49 Event: ULOG_IMAGE_SIZE for Condor Node MakeCLI_3 (1309681.0.0)
06/30/14 11:42:49 Currently monitoring 1 Condor log file(s)
06/30/14 11:42:49 Event: ULOG_IMAGE_SIZE for Condor Node MakeCLI_3 (1309681.0.0)
06/30/14 11:47:49 Currently monitoring 1 Condor log file(s)
06/30/14 11:47:49 Event: ULOG_IMAGE_SIZE for Condor Node MakeCLI_3 (1309681.0.0)
06/30/14 11:52:54 Currently monitoring 1 Condor log file(s)
06/30/14 11:52:54 Event: ULOG_IMAGE_SIZE for Condor Node MakeCLI_3 (1309681.0.0)
06/30/14 12:02:54 600 seconds since last log event
06/30/14 12:02:54 Pending DAG nodes:
06/30/14 12:02:54   Node MakeCLI_3, Condor ID 1309681, status STATUS_SUBMITTED
06/30/14 12:07:49 Currently monitoring 1 Condor log file(s)
06/30/14 12:07:49 Event: ULOG_IMAGE_SIZE for Condor Node MakeCLI_3 (1309681.0.0)
06/30/14 12:12:49 Currently monitoring 1 Condor log file(s)
06/30/14 12:12:49 Event: ULOG_IMAGE_SIZE for Condor Node MakeCLI_3 (1309681.0.0)
06/30/14 12:17:49 Currently monitoring 1 Condor log file(s)
06/30/14 12:17:49 Event: ULOG_IMAGE_SIZE for Condor Node MakeCLI_3 (1309681.0.0)
06/30/14 12:22:54 Currently monitoring 1 Condor log file(s)
06/30/14 12:22:54 Event: ULOG_IMAGE_SIZE for Condor Node MakeCLI_3 (1309681.0.0)
06/30/14 12:27:54 Currently monitoring 1 Condor log file(s)
06/30/14 12:27:54 Event: ULOG_IMAGE_SIZE for Condor Node MakeCLI_3 (1309681.0.0)
06/30/14 12:31:59 Currently monitoring 1 Condor log file(s)
06/30/14 12:31:59 Event: ULOG_IMAGE_SIZE for Condor Node MakeCLI_3 (1309681.0.0)
06/30/14 12:31:59 Event: ULOG_JOB_TERMINATED for Condor Node MakeCLI_3 (1309681.0.0)
06/30/14 12:31:59 Node MakeCLI_3 job proc (1309681.0.0) completed successfully.
06/30/14 12:31:59 Node MakeCLI_3 job completed
06/30/14 12:31:59 Number of idle job procs: 0
06/30/14 12:31:59 Of 11 nodes total:
06/30/14 12:31:59  Done     Pre   Queued    Post   Ready   Un-Ready   Failed
06/30/14 12:31:59   ===     ===      ===     ===     ===        ===      ===
06/30/14 12:31:59     3       0        0       0       8          0        0
06/30/14 12:31:59 0 job proc(s) currently held
06/30/14 12:32:04 Sleeping for one second for log file consistency
06/30/14 12:32:05 MultiLogFiles: truncating log file /nas02/home/r/c/rc_renci.svc/mapseq/submit/2014-06-30/CASAVA/f87b81fb-1a58-400a-a4cd-c5371a6c8d70/CopyCLI_4.log
06/30/14 12:32:05 Submitting Condor Node CopyCLI_4 job(s)...
06/30/14 12:32:05 submitting: condor_submit -a dag_node_name' '=' 'CopyCLI_4 -a +DAGManJobId' '=' '1308601 -a DAGManJobId' '=' '1308601 -a submit_event_notes' '=' 'DAG' 'Node:' 'CopyCLI_4 -a DAG_STATUS' '=' '0 -a FAILED_COUNT' '=' '0 -a +DAGParentNodeNames' '=' '"MakeCLI_3" CopyCLI_4.sub
06/30/14 12:32:05 From submit: Submitting job(s).
06/30/14 12:32:05 From submit: 1 job(s) submitted to cluster 1310578.
06/30/14 12:32:05 	assigned Condor ID (1310578.0.0)
06/30/14 12:32:05 MultiLogFiles: truncating log file /nas02/home/r/c/rc_renci.svc/mapseq/submit/2014-06-30/CASAVA/f87b81fb-1a58-400a-a4cd-c5371a6c8d70/CopyCLI_5.log
06/30/14 12:32:05 Submitting Condor Node CopyCLI_5 job(s)...
06/30/14 12:32:05 submitting: condor_submit -a dag_node_name' '=' 'CopyCLI_5 -a +DAGManJobId' '=' '1308601 -a DAGManJobId' '=' '1308601 -a submit_event_notes' '=' 'DAG' 'Node:' 'CopyCLI_5 -a DAG_STATUS' '=' '0 -a FAILED_COUNT' '=' '0 -a +DAGParentNodeNames' '=' '"MakeCLI_3" CopyCLI_5.sub
06/30/14 12:32:05 From submit: Submitting job(s).
06/30/14 12:32:05 From submit: 1 job(s) submitted to cluster 1310579.
06/30/14 12:32:05 	assigned Condor ID (1310579.0.0)
06/30/14 12:32:05 MultiLogFiles: truncating log file /nas02/home/r/c/rc_renci.svc/mapseq/submit/2014-06-30/CASAVA/f87b81fb-1a58-400a-a4cd-c5371a6c8d70/CopyCLI_6.log
06/30/14 12:32:05 Submitting Condor Node CopyCLI_6 job(s)...
06/30/14 12:32:05 submitting: condor_submit -a dag_node_name' '=' 'CopyCLI_6 -a +DAGManJobId' '=' '1308601 -a DAGManJobId' '=' '1308601 -a submit_event_notes' '=' 'DAG' 'Node:' 'CopyCLI_6 -a DAG_STATUS' '=' '0 -a FAILED_COUNT' '=' '0 -a +DAGParentNodeNames' '=' '"MakeCLI_3" CopyCLI_6.sub
06/30/14 12:32:05 From submit: Submitting job(s).
06/30/14 12:32:05 From submit: 1 job(s) submitted to cluster 1310580.
06/30/14 12:32:05 	assigned Condor ID (1310580.0.0)
06/30/14 12:32:05 MultiLogFiles: truncating log file /nas02/home/r/c/rc_renci.svc/mapseq/submit/2014-06-30/CASAVA/f87b81fb-1a58-400a-a4cd-c5371a6c8d70/CopyCLI_7.log
06/30/14 12:32:05 Submitting Condor Node CopyCLI_7 job(s)...
06/30/14 12:32:05 submitting: condor_submit -a dag_node_name' '=' 'CopyCLI_7 -a +DAGManJobId' '=' '1308601 -a DAGManJobId' '=' '1308601 -a submit_event_notes' '=' 'DAG' 'Node:' 'CopyCLI_7 -a DAG_STATUS' '=' '0 -a FAILED_COUNT' '=' '0 -a +DAGParentNodeNames' '=' '"MakeCLI_3" CopyCLI_7.sub
06/30/14 12:32:05 From submit: Submitting job(s).
06/30/14 12:32:05 From submit: 1 job(s) submitted to cluster 1310581.
06/30/14 12:32:05 	assigned Condor ID (1310581.0.0)
06/30/14 12:32:05 MultiLogFiles: truncating log file /nas02/home/r/c/rc_renci.svc/mapseq/submit/2014-06-30/CASAVA/f87b81fb-1a58-400a-a4cd-c5371a6c8d70/CopyCLI_8.log
06/30/14 12:32:05 Submitting Condor Node CopyCLI_8 job(s)...
06/30/14 12:32:05 submitting: condor_submit -a dag_node_name' '=' 'CopyCLI_8 -a +DAGManJobId' '=' '1308601 -a DAGManJobId' '=' '1308601 -a submit_event_notes' '=' 'DAG' 'Node:' 'CopyCLI_8 -a DAG_STATUS' '=' '0 -a FAILED_COUNT' '=' '0 -a +DAGParentNodeNames' '=' '"MakeCLI_3" CopyCLI_8.sub
06/30/14 12:32:05 From submit: Submitting job(s).
06/30/14 12:32:05 From submit: 1 job(s) submitted to cluster 1310582.
06/30/14 12:32:05 	assigned Condor ID (1310582.0.0)
06/30/14 12:32:05 Just submitted 5 jobs this cycle...
06/30/14 12:32:05 Currently monitoring 5 Condor log file(s)
06/30/14 12:32:05 Event: ULOG_SUBMIT for Condor Node CopyCLI_5 (1310579.0.0)
06/30/14 12:32:05 Number of idle job procs: 1
06/30/14 12:32:05 Event: ULOG_SUBMIT for Condor Node CopyCLI_7 (1310581.0.0)
06/30/14 12:32:05 Number of idle job procs: 2
06/30/14 12:32:05 Event: ULOG_SUBMIT for Condor Node CopyCLI_6 (1310580.0.0)
06/30/14 12:32:05 Number of idle job procs: 3
06/30/14 12:32:05 Event: ULOG_SUBMIT for Condor Node CopyCLI_8 (1310582.0.0)
06/30/14 12:32:05 Number of idle job procs: 4
06/30/14 12:32:05 Event: ULOG_SUBMIT for Condor Node CopyCLI_4 (1310578.0.0)
06/30/14 12:32:05 Number of idle job procs: 5
06/30/14 12:32:05 Of 11 nodes total:
06/30/14 12:32:05  Done     Pre   Queued    Post   Ready   Un-Ready   Failed
06/30/14 12:32:05   ===     ===      ===     ===     ===        ===      ===
06/30/14 12:32:05     3       0        5       0       3          0        0
06/30/14 12:32:05 0 job proc(s) currently held
06/30/14 12:32:10 Sleeping for one second for log file consistency
06/30/14 12:32:11 MultiLogFiles: truncating log file /nas02/home/r/c/rc_renci.svc/mapseq/submit/2014-06-30/CASAVA/f87b81fb-1a58-400a-a4cd-c5371a6c8d70/CopyCLI_9.log
06/30/14 12:32:11 Submitting Condor Node CopyCLI_9 job(s)...
06/30/14 12:32:11 submitting: condor_submit -a dag_node_name' '=' 'CopyCLI_9 -a +DAGManJobId' '=' '1308601 -a DAGManJobId' '=' '1308601 -a submit_event_notes' '=' 'DAG' 'Node:' 'CopyCLI_9 -a DAG_STATUS' '=' '0 -a FAILED_COUNT' '=' '0 -a +DAGParentNodeNames' '=' '"MakeCLI_3" CopyCLI_9.sub
06/30/14 12:32:11 From submit: Submitting job(s).
06/30/14 12:32:11 From submit: 1 job(s) submitted to cluster 1310583.
06/30/14 12:32:11 	assigned Condor ID (1310583.0.0)
06/30/14 12:32:11 MultiLogFiles: truncating log file /nas02/home/r/c/rc_renci.svc/mapseq/submit/2014-06-30/CASAVA/f87b81fb-1a58-400a-a4cd-c5371a6c8d70/CopyCLI_10.log
06/30/14 12:32:11 Submitting Condor Node CopyCLI_10 job(s)...
06/30/14 12:32:11 submitting: condor_submit -a dag_node_name' '=' 'CopyCLI_10 -a +DAGManJobId' '=' '1308601 -a DAGManJobId' '=' '1308601 -a submit_event_notes' '=' 'DAG' 'Node:' 'CopyCLI_10 -a DAG_STATUS' '=' '0 -a FAILED_COUNT' '=' '0 -a +DAGParentNodeNames' '=' '"MakeCLI_3" CopyCLI_10.sub
06/30/14 12:32:11 From submit: Submitting job(s).
06/30/14 12:32:11 From submit: 1 job(s) submitted to cluster 1310584.
06/30/14 12:32:11 	assigned Condor ID (1310584.0.0)
06/30/14 12:32:11 MultiLogFiles: truncating log file /nas02/home/r/c/rc_renci.svc/mapseq/submit/2014-06-30/CASAVA/f87b81fb-1a58-400a-a4cd-c5371a6c8d70/CopyCLI_11.log
06/30/14 12:32:11 Submitting Condor Node CopyCLI_11 job(s)...
06/30/14 12:32:11 submitting: condor_submit -a dag_node_name' '=' 'CopyCLI_11 -a +DAGManJobId' '=' '1308601 -a DAGManJobId' '=' '1308601 -a submit_event_notes' '=' 'DAG' 'Node:' 'CopyCLI_11 -a DAG_STATUS' '=' '0 -a FAILED_COUNT' '=' '0 -a +DAGParentNodeNames' '=' '"MakeCLI_3" CopyCLI_11.sub
06/30/14 12:32:11 From submit: Submitting job(s).
06/30/14 12:32:11 From submit: 1 job(s) submitted to cluster 1310585.
06/30/14 12:32:11 	assigned Condor ID (1310585.0.0)
06/30/14 12:32:11 Just submitted 3 jobs this cycle...
06/30/14 12:32:11 Currently monitoring 8 Condor log file(s)
06/30/14 12:32:11 Event: ULOG_EXECUTE for Condor Node CopyCLI_4 (1310578.0.0)
06/30/14 12:32:11 Number of idle job procs: 4
06/30/14 12:32:11 Event: ULOG_EXECUTE for Condor Node CopyCLI_8 (1310582.0.0)
06/30/14 12:32:11 Number of idle job procs: 3
06/30/14 12:32:11 Event: ULOG_EXECUTE for Condor Node CopyCLI_5 (1310579.0.0)
06/30/14 12:32:11 Number of idle job procs: 2
06/30/14 12:32:11 Event: ULOG_EXECUTE for Condor Node CopyCLI_6 (1310580.0.0)
06/30/14 12:32:11 Number of idle job procs: 1
06/30/14 12:32:11 Event: ULOG_EXECUTE for Condor Node CopyCLI_7 (1310581.0.0)
06/30/14 12:32:11 Number of idle job procs: 0
06/30/14 12:32:11 Event: ULOG_SUBMIT for Condor Node CopyCLI_10 (1310584.0.0)
06/30/14 12:32:11 Number of idle job procs: 1
06/30/14 12:32:11 Event: ULOG_SUBMIT for Condor Node CopyCLI_9 (1310583.0.0)
06/30/14 12:32:11 Number of idle job procs: 2
06/30/14 12:32:11 Event: ULOG_SUBMIT for Condor Node CopyCLI_11 (1310585.0.0)
06/30/14 12:32:11 Number of idle job procs: 3
06/30/14 12:32:11 Of 11 nodes total:
06/30/14 12:32:11  Done     Pre   Queued    Post   Ready   Un-Ready   Failed
06/30/14 12:32:11   ===     ===      ===     ===     ===        ===      ===
06/30/14 12:32:11     3       0        8       0       0          0        0
06/30/14 12:32:11 0 job proc(s) currently held
06/30/14 12:32:16 Currently monitoring 8 Condor log file(s)
06/30/14 12:32:16 Event: ULOG_IMAGE_SIZE for Condor Node CopyCLI_4 (1310578.0.0)
06/30/14 12:32:16 Event: ULOG_IMAGE_SIZE for Condor Node CopyCLI_8 (1310582.0.0)
06/30/14 12:32:21 Currently monitoring 8 Condor log file(s)
06/30/14 12:32:21 Event: ULOG_IMAGE_SIZE for Condor Node CopyCLI_5 (1310579.0.0)
06/30/14 12:32:21 Event: ULOG_IMAGE_SIZE for Condor Node CopyCLI_7 (1310581.0.0)
06/30/14 12:32:21 Event: ULOG_IMAGE_SIZE for Condor Node CopyCLI_6 (1310580.0.0)
06/30/14 12:32:31 Currently monitoring 8 Condor log file(s)
06/30/14 12:32:31 Event: ULOG_EXECUTE for Condor Node CopyCLI_9 (1310583.0.0)
06/30/14 12:32:31 Number of idle job procs: 2
06/30/14 12:32:31 Event: ULOG_EXECUTE for Condor Node CopyCLI_10 (1310584.0.0)
06/30/14 12:32:31 Number of idle job procs: 1
06/30/14 12:32:36 Currently monitoring 8 Condor log file(s)
06/30/14 12:32:36 Event: ULOG_EXECUTE for Condor Node CopyCLI_11 (1310585.0.0)
06/30/14 12:32:36 Number of idle job procs: 0
06/30/14 12:32:41 Currently monitoring 8 Condor log file(s)
06/30/14 12:32:41 Event: ULOG_IMAGE_SIZE for Condor Node CopyCLI_9 (1310583.0.0)
06/30/14 12:32:41 Event: ULOG_IMAGE_SIZE for Condor Node CopyCLI_10 (1310584.0.0)
06/30/14 12:32:46 Currently monitoring 8 Condor log file(s)
06/30/14 12:32:46 Event: ULOG_IMAGE_SIZE for Condor Node CopyCLI_11 (1310585.0.0)
06/30/14 12:35:46 Currently monitoring 8 Condor log file(s)
06/30/14 12:35:46 Event: ULOG_IMAGE_SIZE for Condor Node CopyCLI_4 (1310578.0.0)
06/30/14 12:35:46 Event: ULOG_JOB_TERMINATED for Condor Node CopyCLI_4 (1310578.0.0)
06/30/14 12:35:46 Node CopyCLI_4 job proc (1310578.0.0) completed successfully.
06/30/14 12:35:46 Node CopyCLI_4 job completed
06/30/14 12:35:46 Number of idle job procs: 0
06/30/14 12:35:46 Of 11 nodes total:
06/30/14 12:35:46  Done     Pre   Queued    Post   Ready   Un-Ready   Failed
06/30/14 12:35:46   ===     ===      ===     ===     ===        ===      ===
06/30/14 12:35:46     4       0        7       0       0          0        0
06/30/14 12:35:46 0 job proc(s) currently held
06/30/14 12:36:06 Currently monitoring 7 Condor log file(s)
06/30/14 12:36:06 Event: ULOG_IMAGE_SIZE for Condor Node CopyCLI_9 (1310583.0.0)
06/30/14 12:36:06 Event: ULOG_JOB_TERMINATED for Condor Node CopyCLI_9 (1310583.0.0)
06/30/14 12:36:06 Node CopyCLI_9 job proc (1310583.0.0) completed successfully.
06/30/14 12:36:06 Node CopyCLI_9 job completed
06/30/14 12:36:06 Number of idle job procs: 0
06/30/14 12:36:06 Of 11 nodes total:
06/30/14 12:36:06  Done     Pre   Queued    Post   Ready   Un-Ready   Failed
06/30/14 12:36:06   ===     ===      ===     ===     ===        ===      ===
06/30/14 12:36:06     5       0        6       0       0          0        0
06/30/14 12:36:06 0 job proc(s) currently held
06/30/14 12:37:21 Currently monitoring 6 Condor log file(s)
06/30/14 12:37:21 Event: ULOG_IMAGE_SIZE for Condor Node CopyCLI_6 (1310580.0.0)
06/30/14 12:37:21 Event: ULOG_IMAGE_SIZE for Condor Node CopyCLI_5 (1310579.0.0)
06/30/14 12:37:21 Event: ULOG_IMAGE_SIZE for Condor Node CopyCLI_8 (1310582.0.0)
06/30/14 12:37:26 Currently monitoring 6 Condor log file(s)
06/30/14 12:37:26 Event: ULOG_IMAGE_SIZE for Condor Node CopyCLI_10 (1310584.0.0)
06/30/14 12:37:26 Event: ULOG_JOB_TERMINATED for Condor Node CopyCLI_10 (1310584.0.0)
06/30/14 12:37:26 Node CopyCLI_10 job proc (1310584.0.0) completed successfully.
06/30/14 12:37:26 Node CopyCLI_10 job completed
06/30/14 12:37:26 Number of idle job procs: 0
06/30/14 12:37:26 Of 11 nodes total:
06/30/14 12:37:26  Done     Pre   Queued    Post   Ready   Un-Ready   Failed
06/30/14 12:37:26   ===     ===      ===     ===     ===        ===      ===
06/30/14 12:37:26     6       0        5       0       0          0        0
06/30/14 12:37:26 0 job proc(s) currently held
06/30/14 12:37:46 Currently monitoring 5 Condor log file(s)
06/30/14 12:37:46 Event: ULOG_IMAGE_SIZE for Condor Node CopyCLI_11 (1310585.0.0)
06/30/14 12:37:46 Event: ULOG_JOB_TERMINATED for Condor Node CopyCLI_8 (1310582.0.0)
06/30/14 12:37:46 Node CopyCLI_8 job proc (1310582.0.0) completed successfully.
06/30/14 12:37:46 Node CopyCLI_8 job completed
06/30/14 12:37:46 Number of idle job procs: 0
06/30/14 12:37:46 Of 11 nodes total:
06/30/14 12:37:46  Done     Pre   Queued    Post   Ready   Un-Ready   Failed
06/30/14 12:37:46   ===     ===      ===     ===     ===        ===      ===
06/30/14 12:37:46     7       0        4       0       0          0        0
06/30/14 12:37:46 0 job proc(s) currently held
06/30/14 12:38:06 Currently monitoring 4 Condor log file(s)
06/30/14 12:38:06 Event: ULOG_JOB_TERMINATED for Condor Node CopyCLI_7 (1310581.0.0)
06/30/14 12:38:06 Node CopyCLI_7 job proc (1310581.0.0) completed successfully.
06/30/14 12:38:06 Node CopyCLI_7 job completed
06/30/14 12:38:06 Number of idle job procs: 0
06/30/14 12:38:06 Of 11 nodes total:
06/30/14 12:38:06  Done     Pre   Queued    Post   Ready   Un-Ready   Failed
06/30/14 12:38:06   ===     ===      ===     ===     ===        ===      ===
06/30/14 12:38:06     8       0        3       0       0          0        0
06/30/14 12:38:06 0 job proc(s) currently held
06/30/14 12:38:11 Currently monitoring 3 Condor log file(s)
06/30/14 12:38:11 Event: ULOG_JOB_TERMINATED for Condor Node CopyCLI_5 (1310579.0.0)
06/30/14 12:38:11 Node CopyCLI_5 job proc (1310579.0.0) completed successfully.
06/30/14 12:38:11 Node CopyCLI_5 job completed
06/30/14 12:38:11 Number of idle job procs: 0
06/30/14 12:38:11 Of 11 nodes total:
06/30/14 12:38:11  Done     Pre   Queued    Post   Ready   Un-Ready   Failed
06/30/14 12:38:11   ===     ===      ===     ===     ===        ===      ===
06/30/14 12:38:11     9       0        2       0       0          0        0
06/30/14 12:38:11 0 job proc(s) currently held
06/30/14 12:38:16 Currently monitoring 2 Condor log file(s)
06/30/14 12:38:16 Event: ULOG_JOB_TERMINATED for Condor Node CopyCLI_11 (1310585.0.0)
06/30/14 12:38:16 Node CopyCLI_11 job proc (1310585.0.0) completed successfully.
06/30/14 12:38:16 Node CopyCLI_11 job completed
06/30/14 12:38:16 Number of idle job procs: 0
06/30/14 12:38:16 Event: ULOG_JOB_TERMINATED for Condor Node CopyCLI_6 (1310580.0.0)
06/30/14 12:38:16 Node CopyCLI_6 job proc (1310580.0.0) completed successfully.
06/30/14 12:38:16 Node CopyCLI_6 job completed
06/30/14 12:38:16 Number of idle job procs: 0
06/30/14 12:38:16 Of 11 nodes total:
06/30/14 12:38:16  Done     Pre   Queued    Post   Ready   Un-Ready   Failed
06/30/14 12:38:16   ===     ===      ===     ===     ===        ===      ===
06/30/14 12:38:16    11       0        0       0       0          0        0
06/30/14 12:38:16 0 job proc(s) currently held
06/30/14 12:38:16 All jobs Completed!
06/30/14 12:38:16 Note: 0 total job deferrals because of -MaxJobs limit (0)
06/30/14 12:38:16 Note: 0 total job deferrals because of -MaxIdle limit (0)
06/30/14 12:38:16 Note: 0 total job deferrals because of node category throttles
06/30/14 12:38:16 Note: 0 total PRE script deferrals because of -MaxPre limit (0)
06/30/14 12:38:16 Note: 0 total POST script deferrals because of -MaxPost limit (0)
06/30/14 12:38:16 **** condor_scheduniv_exec.1308601.0 (condor_DAGMAN) pid 11562 EXITING WITH STATUS 0
